--
-- Test queries mixes window functions with aggregate functions or grouping.
--
DROP TABLE IF EXISTS test_group_window;
NOTICE:  table "test_group_window" does not exist, skipping
CREATE TABLE test_group_window(c1 int, c2 int);
NOTICE:  Table doesn't have 'DISTRIBUTED BY' clause -- Using column named 'c1' as the Greenplum Database data distribution key for this table.
HINT:  The 'DISTRIBUTED BY' clause determines the distribution of data. Make sure column(s) chosen are the optimal data distribution key to minimize skew.
WITH tt AS (SELECT * FROM test_group_window)
SELECT tt.c1, COUNT() over () as fraction
FROM tt
GROUP BY tt.c1
ORDER BY tt.c1;
 c1 | fraction 
----+----------
(0 rows)

DROP TABLE test_group_window;
--
-- Set up
--
CREATE TABLE bfv_cte_foo AS SELECT i as a, i+1 as b from generate_series(1,10)i;
NOTICE:  Table doesn't have 'DISTRIBUTED BY' clause. Creating a NULL policy entry.
CREATE TABLE bfv_cte_bar AS SELECT i as c, i+1 as d from generate_series(1,10)i;
NOTICE:  Table doesn't have 'DISTRIBUTED BY' clause. Creating a NULL policy entry.
--
-- Test with CTE inlining disabled
--
set optimizer_cte_inlining = off;
--
-- With clause select test 1
--
WITH t AS
(
 SELECT e.*,f.*
 FROM
    (
      SELECT * FROM bfv_cte_foo WHERE a < 10
    ) e
 LEFT OUTER JOIN
    (
       SELECT * FROM bfv_cte_bar WHERE c < 10
    ) f
  ON e.a = f.d )
SELECT t.a,t.d, count(*) over () AS window
FROM t
GROUP BY t.a,t.d ORDER BY t.a,t.d LIMIT 2;
 a | d | window 
---+---+--------
 1 |   |      9
 2 | 2 |      9
(2 rows)

--
-- With clause select test 2
--
WITH t(a,b,d) AS
(
  SELECT bfv_cte_foo.a,bfv_cte_foo.b,bfv_cte_bar.d FROM bfv_cte_foo,bfv_cte_bar WHERE bfv_cte_foo.a = bfv_cte_bar.d
)
SELECT t.b,avg(t.a), rank() OVER (PARTITION BY t.a ORDER BY t.a) FROM bfv_cte_foo,t GROUP BY bfv_cte_foo.a,bfv_cte_foo.b,t.b,t.a ORDER BY 1,2,3 LIMIT 5;
 b |        avg         | rank 
---+--------------------+------
 3 | 2.0000000000000000 |    1
 3 | 2.0000000000000000 |    1
 3 | 2.0000000000000000 |    1
 3 | 2.0000000000000000 |    1
 3 | 2.0000000000000000 |    1
(5 rows)

--
-- With clause select test 3
--
WITH t(a,b,d) AS
(
  SELECT bfv_cte_foo.a,bfv_cte_foo.b,bfv_cte_bar.d FROM bfv_cte_foo,bfv_cte_bar WHERE bfv_cte_foo.a = bfv_cte_bar.d
)
SELECT cup.*, SUM(t.d) OVER(PARTITION BY t.b) FROM
  (
    SELECT bfv_cte_bar.*, AVG(t.b) OVER(PARTITION BY t.a ORDER BY t.b desc) AS e FROM t,bfv_cte_bar
  ) AS cup,
t WHERE cup.e < 10
GROUP BY cup.c,cup.d, cup.e ,t.d, t.b
ORDER BY 1,2,3,4
LIMIT 10;
 c | d |         e          | sum 
---+---+--------------------+-----
 1 | 2 | 3.0000000000000000 | 140
 1 | 2 | 3.0000000000000000 | 210
 1 | 2 | 3.0000000000000000 | 280
 1 | 2 | 3.0000000000000000 | 350
 1 | 2 | 3.0000000000000000 | 420
 1 | 2 | 3.0000000000000000 | 490
 1 | 2 | 3.0000000000000000 | 560
 1 | 2 | 3.0000000000000000 | 630
 1 | 2 | 3.0000000000000000 | 700
 1 | 2 | 4.0000000000000000 | 140
(10 rows)

--
-- With clause select test 4
--
WITH t(a,b,d) AS
(
  SELECT bfv_cte_foo.a,bfv_cte_foo.b,bfv_cte_bar.d FROM bfv_cte_foo,bfv_cte_bar WHERE bfv_cte_foo.a = bfv_cte_bar.d
)
SELECT cup.*, SUM(t.d) FROM
  (
    SELECT bfv_cte_bar.*, count(*) OVER() AS e FROM t,bfv_cte_bar WHERE t.a = bfv_cte_bar.c
  ) AS cup,
t GROUP BY cup.c,cup.d, cup.e,t.a
HAVING AVG(t.d) < 10 ORDER BY 1,2,3,4 LIMIT 10;
 c | d | e | sum 
---+---+---+-----
 2 | 3 | 9 |   2
 2 | 3 | 9 |   3
 2 | 3 | 9 |   4
 2 | 3 | 9 |   5
 2 | 3 | 9 |   6
 2 | 3 | 9 |   7
 2 | 3 | 9 |   8
 2 | 3 | 9 |   9
 3 | 4 | 9 |   2
 3 | 4 | 9 |   3
(10 rows)

--
-- With clause select test 5
--
WITH t(a,b,d) AS
(
  SELECT bfv_cte_foo.a,bfv_cte_foo.b,bfv_cte_bar.d FROM bfv_cte_foo,bfv_cte_bar WHERE bfv_cte_foo.a = bfv_cte_bar.d
)
SELECT cup.*, SUM(t.d) OVER(PARTITION BY t.b) FROM
  (
    SELECT bfv_cte_bar.c as e,r.d FROM
		(
			SELECT t.d, avg(t.a) over() FROM t
		) r,bfv_cte_bar
  ) AS cup,
t WHERE cup.e < 10
GROUP BY cup.d, cup.e, t.d, t.b
ORDER BY 1,2,3
LIMIT 10;
 e | d | sum 
---+---+-----
 1 | 2 | 162
 1 | 2 | 243
 1 | 2 | 324
 1 | 2 | 405
 1 | 2 | 486
 1 | 2 | 567
 1 | 2 | 648
 1 | 2 | 729
 1 | 2 | 810
 1 | 3 | 162
(10 rows)

--
-- Test with CTE inlining enabled
--
set optimizer_cte_inlining = on;
set optimizer_cte_inlining_bound = 1000;
--
-- With clause select test 1
--
WITH t AS
(
 SELECT e.*,f.*
 FROM
    (
      SELECT * FROM bfv_cte_foo WHERE a < 10
    ) e
 LEFT OUTER JOIN
    (
       SELECT * FROM bfv_cte_bar WHERE c < 10
    ) f
  ON e.a = f.d )
SELECT t.a,t.d, count(*) over () AS window
FROM t
GROUP BY t.a,t.d ORDER BY t.a,t.d LIMIT 2;
 a | d | window 
---+---+--------
 1 |   |      9
 2 | 2 |      9
(2 rows)

--
-- With clause select test 2
--
WITH t(a,b,d) AS
(
  SELECT bfv_cte_foo.a,bfv_cte_foo.b,bfv_cte_bar.d FROM bfv_cte_foo,bfv_cte_bar WHERE bfv_cte_foo.a = bfv_cte_bar.d
)
SELECT t.b,avg(t.a), rank() OVER (PARTITION BY t.a ORDER BY t.a) FROM bfv_cte_foo,t GROUP BY bfv_cte_foo.a,bfv_cte_foo.b,t.b,t.a ORDER BY 1,2,3 LIMIT 5;
 b |        avg         | rank 
---+--------------------+------
 3 | 2.0000000000000000 |    1
 3 | 2.0000000000000000 |    1
 3 | 2.0000000000000000 |    1
 3 | 2.0000000000000000 |    1
 3 | 2.0000000000000000 |    1
(5 rows)

--
-- With clause select test 3
--
WITH t(a,b,d) AS
(
  SELECT bfv_cte_foo.a,bfv_cte_foo.b,bfv_cte_bar.d FROM bfv_cte_foo,bfv_cte_bar WHERE bfv_cte_foo.a = bfv_cte_bar.d
)
SELECT cup.*, SUM(t.d) OVER(PARTITION BY t.b) FROM
  (
    SELECT bfv_cte_bar.*, AVG(t.b) OVER(PARTITION BY t.a ORDER BY t.b desc) AS e FROM t,bfv_cte_bar
  ) AS cup,
t WHERE cup.e < 10
GROUP BY cup.c,cup.d, cup.e ,t.d, t.b
ORDER BY 1,2,3,4
LIMIT 10;
 c | d |         e          | sum 
---+---+--------------------+-----
 1 | 2 | 3.0000000000000000 | 140
 1 | 2 | 3.0000000000000000 | 210
 1 | 2 | 3.0000000000000000 | 280
 1 | 2 | 3.0000000000000000 | 350
 1 | 2 | 3.0000000000000000 | 420
 1 | 2 | 3.0000000000000000 | 490
 1 | 2 | 3.0000000000000000 | 560
 1 | 2 | 3.0000000000000000 | 630
 1 | 2 | 3.0000000000000000 | 700
 1 | 2 | 4.0000000000000000 | 140
(10 rows)

--
-- With clause select test 4
--
WITH t(a,b,d) AS
(
  SELECT bfv_cte_foo.a,bfv_cte_foo.b,bfv_cte_bar.d FROM bfv_cte_foo,bfv_cte_bar WHERE bfv_cte_foo.a = bfv_cte_bar.d
)
SELECT cup.*, SUM(t.d) FROM
  (
    SELECT bfv_cte_bar.*, count(*) OVER() AS e FROM t,bfv_cte_bar WHERE t.a = bfv_cte_bar.c
  ) AS cup,
t GROUP BY cup.c,cup.d, cup.e,t.a
HAVING AVG(t.d) < 10 ORDER BY 1,2,3,4 LIMIT 10;
 c | d | e | sum 
---+---+---+-----
 2 | 3 | 9 |   2
 2 | 3 | 9 |   3
 2 | 3 | 9 |   4
 2 | 3 | 9 |   5
 2 | 3 | 9 |   6
 2 | 3 | 9 |   7
 2 | 3 | 9 |   8
 2 | 3 | 9 |   9
 3 | 4 | 9 |   2
 3 | 4 | 9 |   3
(10 rows)

--
-- With clause select test 5
--
WITH t(a,b,d) AS
(
  SELECT bfv_cte_foo.a,bfv_cte_foo.b,bfv_cte_bar.d FROM bfv_cte_foo,bfv_cte_bar WHERE bfv_cte_foo.a = bfv_cte_bar.d
)
SELECT cup.*, SUM(t.d) OVER(PARTITION BY t.b) FROM
  (
    SELECT bfv_cte_bar.c as e,r.d FROM
		(
			SELECT t.d, avg(t.a) over() FROM t
		) r,bfv_cte_bar
  ) AS cup,
t WHERE cup.e < 10
GROUP BY cup.d, cup.e, t.d, t.b
ORDER BY 1,2,3
LIMIT 10;
 e | d | sum 
---+---+-----
 1 | 2 | 162
 1 | 2 | 243
 1 | 2 | 324
 1 | 2 | 405
 1 | 2 | 486
 1 | 2 | 567
 1 | 2 | 648
 1 | 2 | 729
 1 | 2 | 810
 1 | 3 | 162
(10 rows)

DROP TABLE IF EXISTS bfv_cte_foo;
DROP TABLE IF EXISTS bfv_cte_bar;
reset optimizer_cte_inlining;
reset optimizer_cte_inlining_bound;
--
-- Test for an old bug with rescanning window functions. This needs to use
-- catalog tables, otherwise the plan will contain a Motion node that
-- materializes the result, and masks the problem.
--
with t (a,b,d) as (select 1,2,1 from pg_class limit 1)
SELECT cup.* FROM
 t, (
SELECT sum(t.b) OVER(PARTITION BY t.a ) AS e FROM (select 1 as a, 2 as b from pg_class limit 1)foo,t
) as cup
GROUP BY cup.e;
 e 
---
 2
(1 row)

--
-- Test for a bug in translating a CTE's locus to the outer query.
--
-- This crashed at one point, when the code to translate the locus of
-- CTE subquery to the outer query's equivalence classes was broken.
-- The UNION ALL is a simple "pulled up" UNION ALL, creating an append
-- rel.
--
create temp table bfv_cte_tab (t text, i int4, j int4) distributed randomly;
insert into bfv_cte_tab values ('foo', 1, -1);
insert into bfv_cte_tab values ('bar', 2, -2);
with
  foo as (select t, sum(i) as n from bfv_cte_tab group by t),
  bar as (select t, sum(j) as n from bfv_cte_tab group by t)
select const_a, const_b, sum(n)
 from
 (select 'foo_a' as const_a, 'foo_b' as const_b, n from foo
  union all
  select 'bar_a' as const_a, 'bar_b' as const_b, n from bar
 ) x
 group by const_a, const_b
;
 const_a | const_b | sum 
---------+---------+-----
 bar_a   | bar_b   |  -3
 foo_a   | foo_b   |   3
(2 rows)

-- test cte can not be the param for gp_dist_random
-- so in set_cte_pathlist we do not neet to check forceDistRandom
create table ttt(tc1 int,tc2 int) ;
NOTICE:  Table doesn't have 'DISTRIBUTED BY' clause -- Using column named 'tc1' as the Greenplum Database data distribution key for this table.
HINT:  The 'DISTRIBUTED BY' clause determines the distribution of data. Make sure column(s) chosen are the optimal data distribution key to minimize skew.
insert into ttt values(1,1);
insert into ttt  values(2,2);
WITH cte AS (
  SELECT oid, relname
  FROM pg_class
  WHERE oid <2000
)
SELECT *
FROM gp_dist_random('cte')
JOIN ttt ON cte.oid = ttt.tc2;
ERROR:  relation "cte" does not exist
LINE 7: FROM gp_dist_random('cte')
                            ^
--
-- Test bug fix for reader-writer communication in Share Input Scan (SISC)
-- https://github.com/greenplum-db/gpdb/issues/16429
--
-- Helper function
CREATE OR REPLACE FUNCTION wait_until_query_output_to_file(file_path text) RETURNS VOID AS $$
DECLARE
	content TEXT;
	line TEXT;
	match TEXT;
BEGIN
	LOOP
		content := pg_read_file(file_path);
		FOR line IN (SELECT unnest(string_to_array(content, E'\n'))) LOOP
			match := substring(line FROM '\(([0-9]+) row[s]?\)');
			IF match IS NOT NULL THEN
				RETURN;
			END IF;
		END LOOP;
		PERFORM pg_sleep(0.1);  -- Sleep for a short period before checking again
	END LOOP;
END;
$$ LANGUAGE plpgsql;
-- Setup tables
CREATE TABLE sisc_t1(a int, b int) DISTRIBUTED BY (a);
INSERT INTO sisc_t1 VALUES (1, 1), (2, 2), (5, 5);
ANALYZE sisc_t1;
CREATE TABLE sisc_t2(c int, d int) DISTRIBUTED BY (c);
-- Ensure that sisc_t2 has 0 tuple on seg2
INSERT INTO sisc_t2 VALUES (1, 1), (2, 2);
ANALYZE sisc_t2;
-- ORCA plan contains one SISC writer on slice1 and two readers on slice2 and slice4.
-- The Hash Join on slice4 has its hash side being empty on seg2, so the SISC
-- reader on the probe side will be squelched. Same applies to the Hash Join
-- on slice2 for seg2.
-- Similary, planner plan contains one SISC wirter on slice4 and one reader on slice2.
-- The Hash Join on slice2 has its hash side being empty on seg2, so the SISC
-- reader on the probe side will be squelched.
SET optimizer_enable_motion_broadcast TO off;
EXPLAIN (COSTS OFF)
WITH cte AS MATERIALIZED (SELECT * FROM sisc_t1)
SELECT y.a, z.a
FROM (SELECT cte1.a, cte1.b FROM cte cte1 JOIN sisc_t2 ON (cte1.a = sisc_t2.d)) y,
     (SELECT cte2.a, cte2.b FROM cte cte2 JOIN sisc_t2 ON (cte2.a = sisc_t2.d)) z
WHERE y.b = z.b - 1;
                                        QUERY PLAN                                        
------------------------------------------------------------------------------------------
 Gather Motion 3:1  (slice1; segments: 3)
   ->  Sequence
         ->  Shared Scan (share slice:id 1:0)
               ->  Seq Scan on sisc_t1
         ->  Hash Join
               Hash Cond: (share0_ref3.b = (share0_ref2.b - 1))
               ->  Redistribute Motion 3:3  (slice2; segments: 3)
                     Hash Key: share0_ref3.b
                     ->  Hash Join
                           Hash Cond: (share0_ref3.a = sisc_t2.d)
                           ->  Shared Scan (share slice:id 2:0)
                           ->  Hash
                                 ->  Redistribute Motion 3:3  (slice3; segments: 3)
                                       Hash Key: sisc_t2.d
                                       ->  Seq Scan on sisc_t2
               ->  Hash
                     ->  Redistribute Motion 3:3  (slice4; segments: 3)
                           Hash Key: (share0_ref2.b - 1)
                           ->  Hash Join
                                 Hash Cond: (share0_ref2.a = sisc_t2_1.d)
                                 ->  Shared Scan (share slice:id 4:0)
                                 ->  Hash
                                       ->  Redistribute Motion 3:3  (slice5; segments: 3)
                                             Hash Key: sisc_t2_1.d
                                             ->  Seq Scan on sisc_t2 sisc_t2_1
 Optimizer: Pivotal Optimizer (GPORCA)
(26 rows)

-- On seg2, introduce a delay in SISC WRITER (slice1) so that the xslice shared state
-- which is stored in shared memory is initialized by the SISC READER (slice2 or slice4)
select gp_inject_fault('get_shareinput_reference_delay_writer', 'suspend', dbid) from gp_segment_configuration where content = 2 and role = 'p';
 gp_inject_fault 
-----------------
 Success:
(1 row)

select gp_inject_fault('get_shareinput_reference_done', 'skip', dbid) from gp_segment_configuration where content = 2 and role = 'p';
 gp_inject_fault 
-----------------
 Success:
(1 row)

-- Run the above CTE query again with additional debug logging.
-- Use debug_shareinput_xslice to verify that the SISC READER on seg2 is indeed
-- initialized and squelched before the SISC WRITER starts its execution.
--
-- XXX: since this is a blocking query, we need to run it in a separate shell.
-- isolation2 test seems to be a more intuitive option, however, it lacks the
-- ability to redirect the LOGs as sterr into stdout. Hence directly using bash.
\! bash -c 'psql -X regression -c "set client_min_messages to log; set debug_shareinput_xslice to true; set optimizer_enable_motion_broadcast to off; WITH cte AS MATERIALIZED (SELECT * FROM sisc_t1) SELECT y.a, z.a FROM (SELECT cte1.a, cte1.b FROM cte cte1 JOIN sisc_t2 ON (cte1.a = sisc_t2.d)) y, (SELECT cte2.a, cte2.b FROM cte cte2 JOIN sisc_t2 ON (cte2.a = sisc_t2.d)) z WHERE y.b = z.b - 1;" &> /tmp/bfv_cte.out' &
-- Wait for both SISC READERs to be initialized and squelched
select gp_wait_until_triggered_fault('get_shareinput_reference_done', 1, dbid) from gp_segment_configuration where content = 2 and role = 'p';
 gp_wait_until_triggered_fault 
-------------------------------
 Success:
(1 row)

select gp_inject_fault('get_shareinput_reference_done', 'reset', dbid) from gp_segment_configuration where content = 2 and role = 'p';
 gp_inject_fault 
-----------------
 Success:
(1 row)

select gp_inject_fault('get_shareinput_reference_delay_writer', 'reset', dbid) from gp_segment_configuration where content = 2 and role = 'p';
 gp_inject_fault 
-----------------
 Success:
(1 row)

-- Wait for the query to finish
select wait_until_query_output_to_file('/tmp/bfv_cte.out');
 wait_until_query_output_to_file 
---------------------------------
 
(1 row)

-- start_matchsubs
-- m/SISC READER \(shareid=0, slice=2\)/
-- s/SISC READER \(shareid=0, slice=2\)/SISC READER (shareid=0, slice={2|4})/g
-- m/SISC READER \(shareid=0, slice=4\)/
-- s/SISC READER \(shareid=0, slice=4\)/SISC READER (shareid=0, slice={2|4})/g
-- m/slice=2\): initialized xslice state/
-- s/slice=2\): initialized xslice state/slice={2|4}): initialized xslice state/g
-- m/slice=4\): initialized xslice state/
-- s/slice=4\): initialized xslice state/slice={2|4}): initialized xslice state/g
-- end_matchsubs
-- Filter out irrelevant LOG messages from segments other than seg2.
\! cat /tmp/bfv_cte.out | grep -P '^(?!LOG)|^(LOG.*seg2)' | grep -vP 'LOG.*fault|decreased xslice state refcount'
LOG:  SISC (shareid=0, slice=2): initialized xslice state  (seg2 slice2 127.0.1.1:7004 pid=1048240)
LOG:  SISC READER (shareid=0, slice=2): wrote notify_done  (seg2 slice2 127.0.1.1:7004 pid=1048240)
LOG:  SISC READER (shareid=0, slice=4): wrote notify_done  (seg2 slice4 127.0.1.1:7004 pid=1048252)
LOG:  SISC WRITER (shareid=0, slice=1): No tuplestore yet, creating tuplestore  (seg2 slice1 127.0.1.1:7004 pid=1048234)
LOG:  SISC WRITER (shareid=0, slice=1): wrote notify_ready  (seg2 slice1 127.0.1.1:7004 pid=1048234)
LOG:  SISC WRITER (shareid=0, slice=1): got DONE message from 2 readers  (seg2 slice1 127.0.1.1:7004 pid=1048234)
LOG:  SISC (shareid=0, slice=1): removed xslice state  (seg2 slice1 127.0.1.1:7004 pid=1048234)
 a | a 
---+---
 1 | 2
(1 row)

-- cleanup
select gp_inject_fault_infinite('all', 'reset', dbid) from gp_segment_configuration;
 gp_inject_fault_infinite 
--------------------------
 Success:
 Success:
 Success:
 Success:
 Success:
 Success:
 Success:
 Success:
(8 rows)

RESET optimizer_enable_motion_broadcast;
DROP TABLE sisc_t1;
DROP TABLE sisc_t2;
\! rm /tmp/bfv_cte.out
